src/pages/Dashboard.tsx(180,17): error TS1005: '}' expected.
src/pages/Dashboard.tsx(180,18): error TS1381: Unexpected token. Did you mean `{'}'}` or `&rbrace;`?
src/pages/Dashboard.tsx(182,9): error TS1005: ')' expected.
