User A: Gabi (3cfd2720-a178-4ed3-a2aa-7619ef28dcf5)
User B: Daniel (4373bdd8-9f18-4f8b-b3ea-7836f24f4097)
Task completed by User A.
Existing task completedBy: 3cfd2720-a178-4ed3-a2aa-7619ef28dcf5
Target User ID evaluated to: 3cfd2720-a178-4ed3-a2aa-7619ef28dcf5 Expected: 3cfd2720-a178-4ed3-a2aa-7619ef28dcf5
Is target user = User A? true
Is target user = User B? false
Task uncompleted by User B.
